// Jest Snapshot v1, https://goo.gl/fbAQLP

exports[`Button Component should render 1`] = `
<button
  type="button"
>
  Click me
</button>
`;
